 argument  1 = /Users/edo/nwchem/nwchem-edoapra-master/QA/tests/carbon-frac-so/carbon-frac-so.nw



============================== echo of input deck ==============================
echo

title "carbon-frac-so"

start carbon-frac-so

memory 128 mb

geometry units angstrom nocenter
symmetry c1
  C   0.0 0.0 0.0
end

basis
  * library 6-31G
end

# For no averaging
#set dft:avg_fon .false.
dft
  direct
  xc pbe0
  fon partial 6 electrons 1.8 filled 4
end

relativistic
 zora on
end
task sodft energy


# For debugging
#set dft:debugfon .true.
================================================================================


                                         
                                         


             Northwest Computational Chemistry Package (NWChem) 7.2.0
             --------------------------------------------------------


                    Environmental Molecular Sciences Laboratory
                       Pacific Northwest National Laboratory
                                Richland, WA 99352

                              Copyright (c) 1994-2022
                       Pacific Northwest National Laboratory
                            Battelle Memorial Institute

             NWChem is an open-source computational chemistry package
                        distributed under the terms of the
                      Educational Community License (ECL) 2.0
             A copy of the license is included with this distribution
                              in the LICENSE.TXT file

                                  ACKNOWLEDGMENT
                                  --------------

            This software and its documentation were developed at the
            EMSL at Pacific Northwest National Laboratory, a multiprogram
            national laboratory, operated for the U.S. Department of Energy
            by Battelle under Contract Number DE-AC05-76RL01830. Support
            for this work was provided by the Department of Energy Office
            of Biological and Environmental Research, Office of Basic
            Energy Sciences, and the Office of Advanced Scientific Computing.


           Job information
           ---------------

    hostname        = WD86392
    program         = /Users/edo/nwchem/nwchem-edoapra-master/bin/MACX64/nwchem
    date            = Sat Mar 25 00:04:05 2023

    compiled        = Sat_Mar_25_00:03:14_2023
    source          = /Users/edo/nwchem/nwchem-edoapra-master
    nwchem branch   = 7.2.0
    nwchem revision = bca010ea
    ga revision     = 5.8.1
    use scalapack   = T
    input           = /Users/edo/nwchem/nwchem-edoapra-master/QA/tests/carbon-frac-so/carbon-frac-so.nw
    prefix          = carbon-frac-so.
    data base       = ./carbon-frac-so.db
    status          = startup
    nproc           =        1
    time left       =     -1s



           Memory information
           ------------------

    heap     =    4194300 doubles =     32.0 Mbytes
    stack    =    4194305 doubles =     32.0 Mbytes
    global   =    8388608 doubles =     64.0 Mbytes (distinct from heap & stack)
    total    =   16777213 doubles =    128.0 Mbytes
    verify   = yes
    hardfail = no 


           Directory information
           ---------------------

  0 permanent = .
  0 scratch   = .




                                NWChem Input Module
                                -------------------


                                  carbon-frac-so
                                  --------------

 Scaling coordinates for geometry "geometry" by  1.889725989
 (inverse scale =  0.529177249)



                             Geometry "geometry" -> ""
                             -------------------------

 Output coordinates in angstroms (scale by  1.889725989 to convert to a.u.)

  No.       Tag          Charge          X              Y              Z
 ---- ---------------- ---------- -------------- -------------- --------------
    1 C                    6.0000     0.00000000     0.00000000     0.00000000

      Atomic Mass 
      ----------- 

      C                 12.000000


 Effective nuclear repulsion energy (a.u.)       0.0000000000

            Nuclear Dipole moment (a.u.) 
            ----------------------------
        X                 Y               Z
 ---------------- ---------------- ----------------
     0.0000000000     0.0000000000     0.0000000000


            XYZ format geometry
            -------------------
     1
 geometry
 C                     0.00000000     0.00000000     0.00000000



 Summary of "ao basis" -> "" (cartesian)
 ------------------------------------------------------------------------------
       Tag                 Description            Shells   Functions and Types
 ---------------- ------------------------------  ------  ---------------------
 *                           6-31G                    on all atoms 



                                 NWChem DFT Module
                                 -----------------


                                  carbon-frac-so


                      Basis "ao basis" -> "ao basis" (cartesian)
                      -----
  C (Carbon)
  ----------
            Exponent  Coefficients 
       -------------- ---------------------------------------------------------
  1 S  3.04752490E+03  0.001835
  1 S  4.57369510E+02  0.014037
  1 S  1.03948690E+02  0.068843
  1 S  2.92101550E+01  0.232184
  1 S  9.28666300E+00  0.467941
  1 S  3.16392700E+00  0.362312

  2 S  7.86827240E+00 -0.119332
  2 S  1.88128850E+00 -0.160854
  2 S  5.44249300E-01  1.143456

  3 P  7.86827240E+00  0.068999
  3 P  1.88128850E+00  0.316424
  3 P  5.44249300E-01  0.744308

  4 S  1.68714400E-01  1.000000

  5 P  1.68714400E-01  1.000000



 Summary of "ao basis" -> "ao basis" (cartesian)
 ------------------------------------------------------------------------------
       Tag                 Description            Shells   Functions and Types
 ---------------- ------------------------------  ------  ---------------------
 C                           6-31G                   5        9   3s2p




 Summary of "ao basis" -> "ao basis" (cartesian)
 ------------------------------------------------------------------------------
       Tag                 Description            Shells   Functions and Types
 ---------------- ------------------------------  ------  ---------------------
 C                           6-31G                   5        9   3s2p


  Caching 1-el integrals 

            General Information
            -------------------
          SCF calculation type: DFT
          Wavefunction type:  closed shell.
          No. of atoms     :     1
          No. of electrons :     6
           Alpha electrons :     3
            Beta electrons :     3
          Charge           :     0
          Spin multiplicity:     1
          Use of symmetry is: off; symmetry adaption is: off
          Maximum number of iterations:  50
          This is a Direct SCF calculation.
          AO basis - number of functions:     9
                     number of shells:     5
          Convergence on energy requested:  1.00D-06
          Convergence on density requested:  1.00D-05
          Convergence on gradient requested:  5.00D-04

              XC Information
              --------------
                         PBE0 Method XC Functional
                     Hartree-Fock (Exact) Exchange  0.250          
          PerdewBurkeErnzerhof Exchange Functional  0.750          
            Perdew 1991 LDA Correlation Functional  1.000 local    
           PerdewBurkeErnz. Correlation Functional  1.000 non-local

             Grid Information
             ----------------
          Grid used for XC integration:  medium    
          Radial quadrature: Mura-Knowles        
          Angular quadrature: Lebedev. 
          Tag              B.-S. Rad. Rad. Pts. Rad. Cut. Ang. Pts.
          ---              ---------- --------- --------- ---------
          C                   0.70       49           4.0       434
          Grid pruning is: on 
          Number of quadrature shells:    49
          Spatial weights used:  Erf1

          Convergence Information
          -----------------------
          Convergence aids based upon iterative change in 
          total energy or number of iterations. 
          Levelshifting, if invoked, occurs when the 
          HOMO/LUMO gap drops below (HL_TOL):  1.00D-02
          DIIS, if invoked, will attempt to extrapolate 
          using up to (NFOCK): 10 stored Fock matrices.

                    Damping( 0%)  Levelshifting(0.5)       DIIS
                  --------------- ------------------- ---------------
          dE  on:    start            ASAP                start   
          dE off:    2 iters         50 iters            50 iters 


      Screening Tolerance Information
      -------------------------------
          Density screening/tol_rho:  1.00D-10
          AO Gaussian exp screening on grid/accAOfunc:  14
          CD Gaussian exp screening on grid/accCDfunc:  20
          XC Gaussian exp screening on grid/accXCfunc:  20
          Schwarz screening/accCoul:  1.00D-10

 Performing spin-orbit DFT (SO-DFT) calculations
 -----------------------------------------------

          Performing ZORA calculations
          ----------------------------


      Superposition of Atomic Density Guess
      -------------------------------------

 Sum of atomic energies:         -37.66025415
     tr(P*S):    0.6000000E+01

 Read atomic ZORA corrections from ./carbon-frac-so.zora_so

 dft_zora_read_so: failed to open ./carbon-frac-so.zora_so
       Generating atomic ZORA corrections
       ----------------------------------


 Grid_pts file          = ./carbon-frac-so.gridpts.0
 Record size in doubles =  12289        No. of grid_pts per rec  =   3070
 Max. records in memory =      9        Max. recs in file   =   1697378


 Wrote atomic ZORA corrections to ./carbon-frac-so.zora_so


      Superposition of Atomic Density Guess
      -------------------------------------

 Sum of atomic energies:         -37.66025415

      Non-variational initial energy
      ------------------------------

 Total energy =     -37.298070
 1-e energy   =     -50.455020
 2-e energy   =      13.156950
 HOMO         =      -0.057689
 LUMO         =      -0.057689

  frac. electrons    5.7999999999999989       vs                     6
     tr(P*S):    0.5800000E+01
   Time prior to 1st pass:      0.2
     tr(P*S):    0.5800000E+01

           Memory utilization after 1st SCF pass: 
           Heap Space remaining (MW):        4.08             4082724
          Stack Space remaining (MW):        4.19             4193244

   convergence    iter        energy       DeltaE   RMS-Dens  Diis-err    time
 ---------------- ----- ----------------- --------- --------- ---------  ------
 d= 0,ls=0.0,diis     1    -37.6250568656 -3.76D+01  1.79D-02  2.48D-02     0.2
                                                     1.79D-02  2.48D-02
     tr(P*S):    0.5800000E+01
 d= 0,ls=0.5,diis     2    -37.6421700747 -1.71D-02  4.24D-03  5.27D-03     0.2
                                                     4.24D-03  5.27D-03
     tr(P*S):    0.5800000E+01
 d= 0,ls=0.5,diis     3    -37.6451922292 -3.02D-03  1.45D-03  6.24D-04     0.2
                                                     1.45D-03  6.24D-04
     tr(P*S):    0.5800000E+01
 d= 0,ls=0.5,diis     4    -37.6456146659 -4.22D-04  4.74D-04  7.63D-05     0.2
                                                     4.74D-04  7.63D-05
     tr(P*S):    0.5800000E+01
 d= 0,ls=0.5,diis     5    -37.6456749242 -6.03D-05  1.72D-04  1.05D-05     0.2
                                                     1.72D-04  1.05D-05
     tr(P*S):    0.5800000E+01
 d= 0,ls=0.5,diis     6    -37.6456843334 -9.41D-06  6.51D-05  1.54D-06     0.3
                                                     6.51D-05  1.54D-06
  Singularity in Pulay matrix. Error and Fock matrices removed. 
     tr(P*S):    0.5800000E+01
 d= 0,ls=0.5,diis     7    -37.6456858388 -1.51D-06  2.55D-05  2.33D-07     0.3
                                                     2.55D-05  2.33D-07
  Singularity in Pulay matrix. Error and Fock matrices removed. 
  Singularity in Pulay matrix. Error and Fock matrices removed. 
     tr(P*S):    0.5800000E+01
 d= 0,ls=0.5,diis     8    -37.6456860838 -2.45D-07  1.02D-05  3.64D-08     0.3
                                                     1.02D-05  3.64D-08
  Singularity in Pulay matrix. Error and Fock matrices removed. 
  Singularity in Pulay matrix. Error and Fock matrices removed. 
     tr(P*S):    0.5800000E+01
 d= 0,ls=0.5,diis     9    -37.6456861241 -4.03D-08  4.10D-06  5.82D-09     0.3
                                                     4.10D-06  5.82D-09
  zoraso: enough mem for repl


      Total SO-DFT energy =      -37.645686130829
      One electron energy =      -49.839700217438
           Coulomb energy =       17.152774907348
    Exchange-Corr. energy =       -4.958760820739
 Nuclear repulsion energy =        0.000000000000

       Scaling correction =        0.009027622823

 Numeric. integr. density =        5.799999590183

     Total iterative time =      0.1s



                       DFT Final Molecular Orbital Analysis
                       ------------------------------------

 Vector    1  Occ=1.000000D+00  E=-1.049214D+01
              MO Center= -1.6D-18, -2.0D-18, -1.8D-18, r^2= 2.8D-02
  Bfn.         Coefficient        Function           Bfn.         Coefficient        Function  
  ----     -------------------  ------------         ----     -------------------  ------------
     1    -0.995500   0.000000  1 C  s                  2    -0.027118  -0.000000  1 C  s          

 Vector    2  Occ=1.000000D+00  E=-1.049214D+01
              MO Center= -5.2D-38,  5.6D-37,  2.0D-37, r^2= 2.5D-33
  Bfn.         Coefficient        Function           Bfn.         Coefficient        Function  
  ----     -------------------  ------------         ----     -------------------  ------------
    10     0.995500   0.000405  1 C  s                 11     0.027118   0.000011  1 C  s          

 Vector    3  Occ=1.000000D+00  E=-6.466583D-01
              MO Center=  3.1D-16, -4.4D-17,  4.6D-17, r^2= 8.0D-01
  Bfn.         Coefficient        Function           Bfn.         Coefficient        Function  
  ----     -------------------  ------------         ----     -------------------  ------------
     6     0.566236   0.000000  1 C  s                  2     0.508125  -0.000000  1 C  s          
     1    -0.232249  -0.000000  1 C  s          

 Vector    4  Occ=1.000000D+00  E=-6.466583D-01
              MO Center=  6.6D-36, -1.9D-35, -3.6D-35, r^2= 6.0D-31
  Bfn.         Coefficient        Function           Bfn.         Coefficient        Function  
  ----     -------------------  ------------         ----     -------------------  ------------
    15     0.566184  -0.007688  1 C  s                 11     0.508078  -0.006899  1 C  s          
    10    -0.232228   0.003153  1 C  s          

 Vector    5  Occ=3.000000D-01  E=-2.398775D-01
              MO Center= -1.2D-16,  5.7D-18, -1.3D-17, r^2= 3.3D-01
  Bfn.         Coefficient        Function           Bfn.         Coefficient        Function  
  ----     -------------------  ------------         ----     -------------------  ------------
     3    -0.366227   0.018098  1 C  px                 4     0.018098   0.366227  1 C  py         
    14     0.366227  -0.018098  1 C  pz                 7    -0.278990   0.013787  1 C  px         
     8     0.013787   0.278990  1 C  py                18     0.278990  -0.013787  1 C  pz         
    12    -0.040960   0.003956  1 C  px                13    -0.003956  -0.040960  1 C  py         
     5    -0.040960   0.003956  1 C  pz                16    -0.031203   0.003014  1 C  px         

 Vector    6  Occ=3.000000D-01  E=-2.398775D-01
              MO Center=  1.0D-18, -8.8D-19, -8.6D-18, r^2= 1.8D-01
  Bfn.         Coefficient        Function           Bfn.         Coefficient        Function  
  ----     -------------------  ------------         ----     -------------------  ------------
    12     0.265113  -0.253308  1 C  px                13     0.253308   0.265113  1 C  py         
     5     0.265113  -0.253308  1 C  pz                16     0.201962  -0.192968  1 C  px         
    17     0.192968   0.201962  1 C  py                 9     0.201962  -0.192968  1 C  pz         
    14     0.031053  -0.027001  1 C  pz                 3    -0.031053   0.027001  1 C  px         
     4     0.027001   0.031053  1 C  py                18     0.023656  -0.020570  1 C  pz         

 Vector    7  Occ=3.000000D-01  E=-2.396177D-01
              MO Center= -8.4D-17,  1.9D-17,  4.9D-17, r^2= 4.2D-01
  Bfn.         Coefficient        Function           Bfn.         Coefficient        Function  
  ----     -------------------  ------------         ----     -------------------  ------------
     4     0.079557  -0.443348  1 C  py                 3    -0.351603  -0.013689  1 C  px         
     8     0.060717  -0.338360  1 C  py                 7    -0.268341  -0.010447  1 C  px         
     5     0.206790  -0.002893  1 C  pz                 9     0.157821  -0.002208  1 C  pz         
    12    -0.146819   0.016069  1 C  px                14     0.091745   0.065868  1 C  pz         
    16    -0.112051   0.012264  1 C  px                18     0.070019   0.050270  1 C  pz         

 Vector    8  Occ=3.000000D-01  E=-2.396177D-01
              MO Center= -1.2D-16, -1.3D-17, -7.9D-17, r^2= 4.8D-01
  Bfn.         Coefficient        Function           Bfn.         Coefficient        Function  
  ----     -------------------  ------------         ----     -------------------  ------------
    14     0.379838   0.042548  1 C  pz                 3     0.371334   0.002880  1 C  px         
    18     0.289889   0.032472  1 C  pz                 7     0.283399   0.002198  1 C  px         
    12    -0.242869   0.058210  1 C  px                 5     0.236950   0.001966  1 C  pz         
    16    -0.185356   0.044425  1 C  px                 9     0.180839   0.001500  1 C  pz         
    13     0.060176   0.005919  1 C  py                17     0.045926   0.004517  1 C  py         

 Vector    9  Occ=3.000000D-01  E=-2.396177D-01
              MO Center= -6.6D-18, -6.8D-18, -4.3D-18, r^2= 4.4D-02
  Bfn.         Coefficient        Function           Bfn.         Coefficient        Function  
  ----     -------------------  ------------         ----     -------------------  ------------
    13    -0.297207  -0.363166  1 C  py                17    -0.226826  -0.277166  1 C  py         
    12     0.307984  -0.158171  1 C  px                16     0.235051  -0.120715  1 C  px         
    14     0.135697   0.096573  1 C  pz                 5     0.055182  -0.139035  1 C  pz         
    18     0.103563   0.073704  1 C  pz                 9     0.042114  -0.106111  1 C  pz         
     4     0.087815  -0.050465  1 C  py                 3     0.085232   0.008759  1 C  px         

 Vector   10  Occ=3.000000D-01  E=-2.396177D-01
              MO Center= -9.1D-19,  4.4D-18,  3.1D-18, r^2= 1.1D-01
  Bfn.         Coefficient        Function           Bfn.         Coefficient        Function  
  ----     -------------------  ------------         ----     -------------------  ------------
     5    -0.123483   0.367871  1 C  pz                 9    -0.094241   0.280757  1 C  pz         
    14     0.200252  -0.212577  1 C  pz                12     0.196647  -0.170711  1 C  px         
     4    -0.173542  -0.164210  1 C  py                18     0.152831  -0.162237  1 C  pz         
    13     0.197160  -0.073164  1 C  py                16     0.150080  -0.130285  1 C  px         
     8    -0.132446  -0.125324  1 C  py                17     0.150471  -0.055839  1 C  py         

 Vector   11  Occ=0.000000D+00  E= 9.795197D-01
              MO Center= -2.4D-18, -8.5D-19, -1.3D-16, r^2= 5.0D-01
  Bfn.         Coefficient        Function           Bfn.         Coefficient        Function  
  ----     -------------------  ------------         ----     -------------------  ------------
    17    -0.293696  -0.572851  1 C  py                16    -0.572851   0.293696  1 C  px         
     9    -0.572851   0.293696  1 C  pz                13     0.272706   0.531911  1 C  py         
    12     0.531911  -0.272706  1 C  px                 5     0.531911  -0.272706  1 C  pz         

 Vector   12  Occ=0.000000D+00  E= 9.795197D-01
              MO Center= -4.5D-15,  3.5D-15,  9.8D-18, r^2= 6.3D-01
  Bfn.         Coefficient        Function           Bfn.         Coefficient        Function  
  ----     -------------------  ------------         ----     -------------------  ------------
     8    -0.392716  -0.510087  1 C  py                 7     0.510087  -0.392716  1 C  px         
    18    -0.510087   0.392716  1 C  pz                 4     0.364650   0.473633  1 C  py         
     3    -0.473633   0.364650  1 C  px                14     0.473633  -0.364650  1 C  pz         

 Vector   13  Occ=0.000000D+00  E= 9.799505D-01
              MO Center= -2.9D-16,  1.3D-16,  2.7D-16, r^2= 6.5D-02
  Bfn.         Coefficient        Function           Bfn.         Coefficient        Function  
  ----     -------------------  ------------         ----     -------------------  ------------
    16    -0.806616  -0.002580  1 C  px                12     0.749339   0.002397  1 C  px         
    17    -0.187837   0.673653  1 C  py                13     0.174499  -0.625818  1 C  py         
     9     0.132963  -0.185257  1 C  pz                 5    -0.123521   0.172102  1 C  pz         
     7    -0.144024  -0.095714  1 C  px                 3     0.133797   0.088918  1 C  px         
     8     0.062678  -0.127206  1 C  py                 4    -0.058228   0.118173  1 C  py         

 Vector   14  Occ=0.000000D+00  E= 9.799505D-01
              MO Center= -5.3D-15,  2.7D-15,  3.3D-16, r^2= 6.7D-01
  Bfn.         Coefficient        Function           Bfn.         Coefficient        Function  
  ----     -------------------  ------------         ----     -------------------  ------------
     7     0.589610   0.522865  1 C  px                 3    -0.547743  -0.485737  1 C  px         
     8    -0.300024   0.642604  1 C  py                 4     0.278719  -0.596974  1 C  py         
    18    -0.052994   0.222841  1 C  pz                14     0.049231  -0.207018  1 C  pz         
    17    -0.112192   0.157916  1 C  py                13     0.104226  -0.146702  1 C  py         
    16    -0.121761   0.001841  1 C  px                 9    -0.036155  -0.114033  1 C  pz         

 Vector   15  Occ=0.000000D+00  E= 9.799505D-01
              MO Center= -2.1D-15,  2.7D-15, -2.4D-15, r^2= 5.8D-01
  Bfn.         Coefficient        Function           Bfn.         Coefficient        Function  
  ----     -------------------  ------------         ----     -------------------  ------------
     9     0.354408   0.502198  1 C  pz                18     0.366991  -0.478922  1 C  pz         
     5    -0.329242  -0.466537  1 C  pz                14    -0.340932   0.444915  1 C  pz         
     8    -0.399653  -0.061253  1 C  py                17     0.377564  -0.084650  1 C  py         
     4     0.371274   0.056903  1 C  py                13    -0.350754   0.078639  1 C  py         
     7     0.305739  -0.079269  1 C  px                16    -0.269757  -0.124634  1 C  px         

 Vector   16  Occ=0.000000D+00  E= 9.799505D-01
              MO Center= -1.2D-15,  1.6D-15,  1.4D-15, r^2= 3.6D-01
  Bfn.         Coefficient        Function           Bfn.         Coefficient        Function  
  ----     -------------------  ------------         ----     -------------------  ------------
    18     0.447826  -0.458589  1 C  pz                 9    -0.277525  -0.554621  1 C  pz         
    14    -0.416027   0.426026  1 C  pz                 5     0.257819   0.515238  1 C  pz         
    17    -0.385396   0.062263  1 C  py                 8    -0.314053  -0.208746  1 C  py         
    13     0.358030  -0.057842  1 C  py                 4     0.291752   0.193923  1 C  py         
     7     0.239080  -0.144537  1 C  px                16     0.215262   0.169225  1 C  px         

 Vector   17  Occ=0.000000D+00  E= 1.031823D+00
              MO Center=  1.3D-14, -1.1D-14,  4.3D-16, r^2= 1.8D+00
  Bfn.         Coefficient        Function           Bfn.         Coefficient        Function  
  ----     -------------------  ------------         ----     -------------------  ------------
     2    -1.650489  -0.000000  1 C  s                  6     1.618332   0.000000  1 C  s          
     1     0.074673   0.000000  1 C  s          

 Vector   18  Occ=0.000000D+00  E= 1.031823D+00
              MO Center=  1.6D-33, -4.5D-33, -6.9D-32, r^2= 1.2D-28
  Bfn.         Coefficient        Function           Bfn.         Coefficient        Function  
  ----     -------------------  ------------         ----     -------------------  ------------
    11     1.181258  -1.152711  1 C  s                 15    -1.158244   1.130253  1 C  s          
    10    -0.053444   0.052152  1 C  s          


   alpha - beta orbital overlaps 
   ----------------------------- 


   alpha      1      2      3      4      5      6      7      8      9
    beta      1      6      3      4      5      6      3      4      5
 overlap   1.045  0.287  0.037  0.037  0.037  0.321  0.028  0.028  0.028

     --------------------------
     Expectation value of S2:  
     --------------------------
      <S2> =      0.7300 (Exact =     0.0000)


 Task  times  cpu:        0.3s     wall:        0.3s
 Summary of allocated global arrays
-----------------------------------
  No active global arrays


MA_summarize_allocated_blocks: starting scan ...
MA_summarize_allocated_blocks: scan completed: 0 heap blocks, 0 stack blocks
MA usage statistics:

	allocation statistics:
					      heap	     stack
					      ----	     -----
	current number of blocks	         0	         0
	maximum number of blocks	        20	        59
	current total bytes		         0	         0
	maximum total bytes		    892768	  22517096
	maximum total K-bytes		       893	     22518
	maximum total M-bytes		         1	        23


                                NWChem Input Module
                                -------------------




                                     CITATION
                                     --------
                Please cite the following reference when publishing
                           results obtained with NWChem:

          E. Apra, E. J. Bylaska, W. A. de Jong, N. Govind, K. Kowalski,
       T. P. Straatsma, M. Valiev, H. J. J. van Dam, Y. Alexeev, J. Anchell,
       V. Anisimov, F. W. Aquino, R. Atta-Fynn, J. Autschbach, N. P. Bauman,
     J. C. Becca, D. E. Bernholdt, K. Bhaskaran-Nair, S. Bogatko, P. Borowski,
         J. Boschen, J. Brabec, A. Bruner, E. Cauet, Y. Chen, G. N. Chuev,
      C. J. Cramer, J. Daily, M. J. O. Deegan, T. H. Dunning Jr., M. Dupuis,
   K. G. Dyall, G. I. Fann, S. A. Fischer, A. Fonari, H. Fruchtl, L. Gagliardi,
      J. Garza, N. Gawande, S. Ghosh, K. Glaesemann, A. W. Gotz, J. Hammond,
       V. Helms, E. D. Hermes, K. Hirao, S. Hirata, M. Jacquelin, L. Jensen,
   B. G. Johnson, H. Jonsson, R. A. Kendall, M. Klemm, R. Kobayashi, V. Konkov,
      S. Krishnamoorthy, M. Krishnan, Z. Lin, R. D. Lins, R. J. Littlefield,
      A. J. Logsdail, K. Lopata, W. Ma, A. V. Marenich, J. Martin del Campo,
   D. Mejia-Rodriguez, J. E. Moore, J. M. Mullin, T. Nakajima, D. R. Nascimento,
    J. A. Nichols, P. J. Nichols, J. Nieplocha, A. Otero-de-la-Roza, B. Palmer,
    A. Panyala, T. Pirojsirikul, B. Peng, R. Peverati, J. Pittner, L. Pollack,
   R. M. Richard, P. Sadayappan, G. C. Schatz, W. A. Shelton, D. W. Silverstein,
   D. M. A. Smith, T. A. Soares, D. Song, M. Swart, H. L. Taylor, G. S. Thomas,
            V. Tipparaju, D. G. Truhlar, K. Tsemekhman, T. Van Voorhis,
      A. Vazquez-Mayagoitia, P. Verma, O. Villa, A. Vishnu, K. D. Vogiatzis,
        D. Wang, J. H. Weare, M. J. Williamson, T. L. Windus, K. Wolinski,
        A. T. Wong, Q. Wu, C. Yang, Q. Yu, M. Zacharias, Z. Zhang, Y. Zhao,
                                and R. J. Harrison
                        "NWChem: Past, present, and future
                         J. Chem. Phys. 152, 184102 (2020)
                               doi:10.1063/5.0004997

                                      AUTHORS
                                      -------
  E. Apra, E. J. Bylaska, N. Govind, K. Kowalski, M. Valiev, D. Mejia-Rodriguez,
       A. Kunitsa, N. P. Bauman, A. Panyala, W. A. de Jong, T. P. Straatsma,
   H. J. J. van Dam, D. Wang, T. L. Windus, J. Hammond, J. Autschbach, A. Woods,
    K. Bhaskaran-Nair, J. Brabec, K. Lopata, S. A. Fischer, S. Krishnamoorthy,
     M. Jacquelin, W. Ma, M. Klemm, O. Villa, Y. Chen, V. Anisimov, F. Aquino,
     S. Hirata, M. T. Hackler, E. Hermes, L. Jensen, J. E. Moore, J. C. Becca,
      V. Konjkov, T. Risthaus, M. Malagoli, A. Marenich, A. Otero-de-la-Roza,
        J. Mullin, P. Nichols, R. Peverati, J. Pittner, Y. Zhao, P.-D. Fan,
        A. Fonari, M. J. Williamson, R. J. Harrison, J. R. Rehr, M. Dupuis,
     D. Silverstein, D. M. A. Smith, J. Nieplocha, V. Tipparaju, M. Krishnan,
     B. E. Van Kuiken, A. Vazquez-Mayagoitia, M. Swart, Q. Wu, T. Van Voorhis,
     A. A. Auer, M. Nooijen, L. D. Crosby, E. Brown, G. Cisneros, G. I. Fann,
   H. Fruchtl, J. Garza, K. Hirao, R. A. Kendall, J. A. Nichols, K. Tsemekhman,
    K. Wolinski, J. Anchell, D. E. Bernholdt, P. Borowski, T. Clark, D. Clerc,
   H. Dachsel, M. J. O. Deegan, K. Dyall, D. Elwood, E. Glendening, M. Gutowski,
   A. C. Hess, J. Jaffe, B. G. Johnson, J. Ju, R. Kobayashi, R. Kutteh, Z. Lin,
   R. Littlefield, X. Long, B. Meng, T. Nakajima, S. Niu, L. Pollack, M. Rosing,
   K. Glaesemann, G. Sandrone, M. Stave, H. Taylor, G. Thomas, J. H. van Lenthe,
                               A. T. Wong, Z. Zhang.

 Total times  cpu:        0.3s     wall:        0.3s
