 argument  1 = /home/edo/nwchem/nwchem.oct/QA/tests/cosmo_h2o/cosmo_h2o.nw
 


============================== echo of input deck ==============================
start cosmo_h2o_dat
echo
 title "h2o"
geometry nocenter noautosym
o                  .0000000000         .0000000000        -.0486020332
h                  .7545655371         .0000000000         .5243010666
h                 -.7545655371         .0000000000         .5243010666
end
basis segment
  o library 6-31g**
  h library 6-31g**
end
cosmo
   dielec 78.0
   radius 1.40
          1.16
          1.16
   rsolv  0.50
   lineq  0
end
scf
  print cosmo_energies
end
task scf energy
================================================================================


                                         
                                         
 
 
             Northwest Computational Chemistry Package (NWChem) 7.0.1
             --------------------------------------------------------
 
 
                    Environmental Molecular Sciences Laboratory
                       Pacific Northwest National Laboratory
                                Richland, WA 99352
 
                              Copyright (c) 1994-2022
                       Pacific Northwest National Laboratory
                            Battelle Memorial Institute
 
             NWChem is an open-source computational chemistry package
                        distributed under the terms of the
                      Educational Community License (ECL) 2.0
             A copy of the license is included with this distribution
                              in the LICENSE.TXT file
 
                                  ACKNOWLEDGMENT
                                  --------------

            This software and its documentation were developed at the
            EMSL at Pacific Northwest National Laboratory, a multiprogram
            national laboratory, operated for the U.S. Department of Energy
            by Battelle under Contract Number DE-AC05-76RL01830. Support
            for this work was provided by the Department of Energy Office
            of Biological and Environmental Research, Office of Basic
            Energy Sciences, and the Office of Advanced Scientific Computing.


           Job information
           ---------------

    hostname        = durian
    program         = /home/edo/nwchem/nwchem.oct/bin/LINUX64/nwchem
    date            = Fri Oct 14 09:23:33 2022

    compiled        = Fri_Oct_14_09:23:25_2022
    source          = /home/edo/nwchem/nwchem.oct
    nwchem branch   = 7.0.0
    nwchem revision = nwchem_on_git-2075-g1766b18b9d
    ga revision     = 5.8.1
    use scalapack   = T
    input           = /home/edo/nwchem/nwchem.oct/QA/tests/cosmo_h2o/cosmo_h2o.nw
    prefix          = cosmo_h2o_dat.
    data base       = ./cosmo_h2o_dat.db
    status          = startup
    nproc           =        1
    time left       =     -1s



           Memory information
           ------------------

    heap     =  283637706 doubles =   2164.0 Mbytes
    stack    =  283637709 doubles =   2164.0 Mbytes
    global   =  162078691 doubles =   1236.6 Mbytes (distinct from heap & stack)
    total    =  729354106 doubles =   5564.5 Mbytes
    verify   = yes
    hardfail = no 


           Directory information
           ---------------------
 
  0 permanent = .
  0 scratch   = .
 
 
 
 
                                NWChem Input Module
                                -------------------
 
 
                                        h2o
                                        ---

 Scaling coordinates for geometry "geometry" by  1.889725989
 (inverse scale =  0.529177249)


          ------
          auto-z
          ------
  nzvar                        3
  ndim                         9

              1        2        3        4        5        6      
    1    2.0000  -1.0167   0.0000   0.0000   0.0000   0.0000
    2   -0.2687  -1.0167   0.0000   0.0000   0.0000   0.0000
    3   -1.0167   5.0550   0.0000   0.0000   0.0000   0.0000
    4   -0.2687   0.0000   0.0000   0.0000   0.0000   0.0000
    5    2.0000   0.0000   0.0000   0.0000   0.0000   0.0000
    6   -1.0167   0.0000   0.0000   0.0000   0.0000   0.0000
  no constraints, skipping     0.000000000000000     
  nzvar                        3
  ndim                         9

              1        2        3        4        5        6      
    1    2.0000  -1.0167   0.0000   0.0000   0.0000   0.0000
    2   -0.2687  -1.0167   0.0000   0.0000   0.0000   0.0000
    3   -1.0167   5.0550   0.0000   0.0000   0.0000   0.0000
    4   -0.2687   0.0000   0.0000   0.0000   0.0000   0.0000
    5    2.0000   0.0000   0.0000   0.0000   0.0000   0.0000
    6   -1.0167   0.0000   0.0000   0.0000   0.0000   0.0000
  no constraints, skipping     0.000000000000000     
 
 
                             Geometry "geometry" -> ""
                             -------------------------
 
 Output coordinates in angstroms (scale by  1.889725989 to convert to a.u.)
 
  No.       Tag          Charge          X              Y              Z
 ---- ---------------- ---------- -------------- -------------- --------------
    1 o                    8.0000     0.00000000     0.00000000    -0.04860203
    2 h                    1.0000     0.75456554     0.00000000     0.52430107
    3 h                    1.0000    -0.75456554     0.00000000     0.52430107
 
      Atomic Mass 
      ----------- 
 
      o                 15.994910
      h                  1.007825
 

 Effective nuclear repulsion energy (a.u.)       9.2874668371

            Nuclear Dipole moment (a.u.) 
            ----------------------------
        X                 Y               Z
 ---------------- ---------------- ----------------
     0.0000000000     0.0000000000     1.2468145009
 


                                Z-matrix (autoz)
                                -------- 

 Units are Angstrom for bonds and degrees for angles
 
      Type          Name      I     J     K     L     M      Value
      ----------- --------  ----- ----- ----- ----- ----- ----------
    1 Stretch                  1     2                       0.94741
    2 Stretch                  1     3                       0.94741
    3 Bend                     2     1     3               105.58490
 
 
            XYZ format geometry
            -------------------
     3
 geometry
 o                     0.00000000     0.00000000    -0.04860203
 h                     0.75456554     0.00000000     0.52430107
 h                    -0.75456554     0.00000000     0.52430107
 
 ==============================================================================
                                internuclear distances
 ------------------------------------------------------------------------------
       center one      |      center two      | atomic units |  angstroms
 ------------------------------------------------------------------------------
    2 h                |   1 o                |     1.79035  |     0.94741
    3 h                |   1 o                |     1.79035  |     0.94741
 ------------------------------------------------------------------------------
                         number of included internuclear distances:          2
 ==============================================================================



 ==============================================================================
                                 internuclear angles
 ------------------------------------------------------------------------------
        center 1       |       center 2       |       center 3       |  degrees
 ------------------------------------------------------------------------------
    2 h                |   1 o                |   3 h                |   105.58
 ------------------------------------------------------------------------------
                            number of included internuclear angles:          1
 ==============================================================================



                      Basis "ao basis" -> "" (cartesian)
                      -----
  o (Oxygen)
  ----------
            Exponent  Coefficients 
       -------------- ---------------------------------------------------------
  1 S  5.48467170E+03  0.001831
  1 S  8.25234950E+02  0.013950
  1 S  1.88046960E+02  0.068445
  1 S  5.29645000E+01  0.232714
  1 S  1.68975700E+01  0.470193
  1 S  5.79963530E+00  0.358521
 
  2 S  1.55396160E+01 -0.110778
  2 S  3.59993360E+00 -0.148026
  2 S  1.01376180E+00  1.130767
 
  3 P  1.55396160E+01  0.070874
  3 P  3.59993360E+00  0.339753
  3 P  1.01376180E+00  0.727159
 
  4 S  2.70005800E-01  1.000000
 
  5 P  2.70005800E-01  1.000000
 
  6 D  8.00000000E-01  1.000000
 
  h (Hydrogen)
  ------------
            Exponent  Coefficients 
       -------------- ---------------------------------------------------------
  1 S  1.87311370E+01  0.033495
  1 S  2.82539370E+00  0.234727
  1 S  6.40121700E-01  0.813757
 
  2 S  1.61277800E-01  1.000000
 
  3 P  1.10000000E+00  1.000000
 


 Summary of "ao basis" -> "" (cartesian)
 ------------------------------------------------------------------------------
       Tag                 Description            Shells   Functions and Types
 ---------------- ------------------------------  ------  ---------------------
 o                          6-31g**                  6       15   3s2p1d
 h                          6-31g**                  3        5   2s1p


 
 solvent parameters
 solvname_short: h2o     
 solvname_long:  water                              
 dielec:       78.4000
 dielecinf:     1.7769

          ---------------
          -cosmo- solvent
          ---------------
 Cosmo: York-Karplus, doi: 10.1021/jp992097l
 dielectric constant -eps-     =  78.40
 screen = (eps-1)/(eps    )    =   0.98724
 surface charge correction     = lagrangian

 solvent accessible surface
 --------------------------

 ---------- ATOMIC COORDINATES (A.U.) ------------ VDWR(ANG.) --
     1    0.00000000    0.00000000   -0.09184453     1.400
     2    1.42592211    0.00000000    0.99078535     1.160
     3   -1.42592211    0.00000000    0.99078535     1.160
 number of segments per atom =         32
 number of   points per atom =         32
 atom (   nspa,  nppa )
 ----------------------
    1 (     20,     0 )       0
    2 (     20,     0 )       0
    3 (     20,     0 )       0
 number of -cosmo- surface points =       60
 molecular surface =     33.557 angstrom**2
 molecular volume  =     14.080 angstrom**3
 G(cav/disp)       =      1.028 kcal/mol
 -lineq- algorithm             =   0
 -bem- low  level              =   2
 -bem- from -octahedral-
 gaussian surface charge width =   4.50000
 degree of switching           =   1.00000
 switching function tolerance  =   0.00010
 atomic radii = 
 --------------
    1  8.000  1.400
    2  1.000  1.160
    3  1.000  1.160
 ...... end of -cosmo- initialization ......


                                 NWChem SCF Module
                                 -----------------
 
 
                                        h2o
 
 

  ao basis        = "ao basis"
  functions       =    25
  atoms           =     3
  closed shells   =     5
  open shells     =     0
  charge          =   0.00
  wavefunction    = RHF 
  input vectors   = atomic
  output vectors  = ./cosmo_h2o_dat.movecs
  use symmetry    = F
  symmetry adapt  = F


 Summary of "ao basis" -> "ao basis" (cartesian)
 ------------------------------------------------------------------------------
       Tag                 Description            Shells   Functions and Types
 ---------------- ------------------------------  ------  ---------------------
 o                          6-31g**                  6       15   3s2p1d
 h                          6-31g**                  3        5   2s1p


  max2e                      1296
  mem2                     54080

 Forming initial guess at       2.1s

 
      Superposition of Atomic Density Guess
      -------------------------------------
 
 Sum of atomic energies:         -75.75081731
 
      Non-variational initial energy
      ------------------------------

 Total energy =     -75.937479
 1-e energy   =    -121.880910
 2-e energy   =      36.655964
 HOMO         =      -0.474852
 LUMO         =       0.117559
 

 Starting SCF solution at       2.2s



 ----------------------------------------------
         Quadratically convergent ROHF

 Convergence threshold     :          1.000E-04
 Maximum no. of iterations :           30
 Final Fock-matrix accuracy:          1.000E-07
 ----------------------------------------------

     COSMO gas phase

              iter       energy          gnorm     gmax       time
             ----- ------------------- --------- --------- --------
                 1      -75.9892268445  8.38D-01  3.47D-01      0.8
                 2      -76.0214334272  1.75D-01  9.15D-02      1.0
                 3      -76.0235574624  1.41D-02  7.51D-03      1.2
                 4      -76.0235721772  1.96D-04  7.59D-05      1.4
                 5      -76.0235721797  7.16D-06  3.64D-06      1.6
     COSMO solvation phase

              iter       energy          gnorm     gmax       time
             ----- ------------------- --------- --------- --------
                 1      -76.0400465994  1.54D-01  6.86D-02      1.6
                 2      -76.0426135645  2.90D-02  1.60D-02      1.8
                 3      -76.0427427664  5.05D-03  2.49D-03      2.1
                 4      -76.0427453653  7.90D-04  3.91D-04      2.4
                 5      -76.0427454269  1.23D-04  6.13D-05      2.7
                 6      -76.0427454284  1.94D-05  9.38D-06      2.9
 
                  COSMO solvation results
                  -----------------------
 
                 gas phase energy =       -76.0235721797
                 sol phase energy =       -76.0427454284
 (electrostatic) solvation energy =         0.0191732487 (   12.03 kcal/mol)


       Final RHF  results 
       ------------------ 

         Total SCF energy =    -76.042745428434
      One-electron energy =   -123.585519625103
      Two-electron energy =     38.056111968950
 Nuclear repulsion energy =      9.287466837077
             COSMO energy =      0.199195390642

        Time for solution =      2.2s


             Final eigenvalues
             -----------------

              1      
    1  -20.5659
    2   -1.3527
    3   -0.7158
    4   -0.5880
    5   -0.5142
    6    0.2368
    7    0.3321
    8    1.0117
    9    1.0745
   10    1.1226
   11    1.1470
   12    1.2848
   13    1.4120
   14    1.7968
   15    1.8125
 
                       ROHF Final Molecular Orbital Analysis
                       -------------------------------------
 
 Vector    2  Occ=2.000000D+00  E=-1.352713D+00
              MO Center= -8.2D-16,  2.0D-17,  1.1D-01, r^2= 5.0D-01
   Bfn.  Coefficient  Atom+Function         Bfn.  Coefficient  Atom+Function  
  ----- ------------  ---------------      ----- ------------  ---------------
     2      0.472002  1 O  s                  6      0.433840  1 O  s          
     1     -0.212229  1 O  s          
 
 Vector    3  Occ=2.000000D+00  E=-7.158332D-01
              MO Center= -3.0D-16,  2.3D-17,  1.5D-01, r^2= 7.4D-01
   Bfn.  Coefficient  Atom+Function         Bfn.  Coefficient  Atom+Function  
  ----- ------------  ---------------      ----- ------------  ---------------
     3      0.511141  1 O  px                 7      0.295741  1 O  px         
    16      0.234072  2 H  s                 21     -0.234072  3 H  s          
 
 Vector    4  Occ=2.000000D+00  E=-5.880384D-01
              MO Center= -3.4D-16,  7.4D-18, -1.2D-01, r^2= 6.7D-01
   Bfn.  Coefficient  Atom+Function         Bfn.  Coefficient  Atom+Function  
  ----- ------------  ---------------      ----- ------------  ---------------
     5      0.560786  1 O  pz                 9      0.411264  1 O  pz         
     6     -0.310059  1 O  s          
 
 Vector    5  Occ=2.000000D+00  E=-5.141592D-01
              MO Center= -4.4D-17, -8.2D-17, -2.9D-02, r^2= 6.1D-01
   Bfn.  Coefficient  Atom+Function         Bfn.  Coefficient  Atom+Function  
  ----- ------------  ---------------      ----- ------------  ---------------
     4      0.630959  1 O  py                 8      0.510022  1 O  py         
 
 Vector    6  Occ=0.000000D+00  E= 2.368405D-01
              MO Center=  5.9D-14,  1.4D-17,  7.1D-01, r^2= 2.6D+00
   Bfn.  Coefficient  Atom+Function         Bfn.  Coefficient  Atom+Function  
  ----- ------------  ---------------      ----- ------------  ---------------
     6      1.392002  1 O  s                 17     -1.045533  2 H  s          
    22     -1.045533  3 H  s                  9      0.500024  1 O  pz         
     5      0.187091  1 O  pz         
 
 Vector    7  Occ=0.000000D+00  E= 3.321017D-01
              MO Center= -4.5D-14, -1.5D-20,  6.9D-01, r^2= 2.8D+00
   Bfn.  Coefficient  Atom+Function         Bfn.  Coefficient  Atom+Function  
  ----- ------------  ---------------      ----- ------------  ---------------
    17      1.422440  2 H  s                 22     -1.422440  3 H  s          
     7     -0.847991  1 O  px                 3     -0.324946  1 O  px         
 
 Vector    8  Occ=0.000000D+00  E= 1.011688D+00
              MO Center= -1.7D-15,  2.6D-17,  1.9D-01, r^2= 1.5D+00
   Bfn.  Coefficient  Atom+Function         Bfn.  Coefficient  Atom+Function  
  ----- ------------  ---------------      ----- ------------  ---------------
    16      0.774140  2 H  s                 21     -0.774140  3 H  s          
    17     -0.551931  2 H  s                 22      0.551931  3 H  s          
     7     -0.472768  1 O  px                12      0.473756  1 O  dxz        
 
 Vector    9  Occ=0.000000D+00  E= 1.074478D+00
              MO Center=  7.2D-15,  4.6D-16, -3.3D-01, r^2= 1.2D+00
   Bfn.  Coefficient  Atom+Function         Bfn.  Coefficient  Atom+Function  
  ----- ------------  ---------------      ----- ------------  ---------------
     6      0.922917  1 O  s                  5      0.783538  1 O  pz         
     9     -0.772611  1 O  pz                 2     -0.471655  1 O  s          
    10     -0.418745  1 O  dxx               15     -0.274146  1 O  dzz        
    16     -0.234416  2 H  s                 21     -0.234416  3 H  s          
    17      0.181118  2 H  s                 22      0.181118  3 H  s          
 
 Vector   10  Occ=0.000000D+00  E= 1.122583D+00
              MO Center=  2.1D-14, -2.3D-16,  3.1D-01, r^2= 1.6D+00
   Bfn.  Coefficient  Atom+Function         Bfn.  Coefficient  Atom+Function  
  ----- ------------  ---------------      ----- ------------  ---------------
     6      1.347485  1 O  s                  2     -0.770193  1 O  s          
    16      0.698779  2 H  s                 21      0.698779  3 H  s          
    17     -0.612168  2 H  s                 22     -0.612168  3 H  s          
     9     -0.409667  1 O  pz                13     -0.376831  1 O  dyy        
    15     -0.205572  1 O  dzz        
 
 Vector   11  Occ=0.000000D+00  E= 1.147036D+00
              MO Center=  2.5D-16,  7.8D-16, -5.4D-02, r^2= 1.1D+00
   Bfn.  Coefficient  Atom+Function         Bfn.  Coefficient  Atom+Function  
  ----- ------------  ---------------      ----- ------------  ---------------
     8     -1.042924  1 O  py                 4      0.966835  1 O  py         
 
 Vector   12  Occ=0.000000D+00  E= 1.284829D+00
              MO Center=  2.3D-14, -9.6D-17,  2.8D-02, r^2= 1.6D+00
   Bfn.  Coefficient  Atom+Function         Bfn.  Coefficient  Atom+Function  
  ----- ------------  ---------------      ----- ------------  ---------------
     7      1.778658  1 O  px                17     -1.029092  2 H  s          
    22      1.029092  3 H  s                  3     -0.877218  1 O  px         
    12      0.304936  1 O  dxz               18      0.178825  2 H  px         
    23      0.178825  3 H  px         
 
 Vector   13  Occ=0.000000D+00  E= 1.411976D+00
              MO Center= -5.9D-14, -1.1D-15,  4.7D-01, r^2= 1.4D+00
   Bfn.  Coefficient  Atom+Function         Bfn.  Coefficient  Atom+Function  
  ----- ------------  ---------------      ----- ------------  ---------------
     6      3.569532  1 O  s                  2     -1.391558  1 O  s          
     9      1.096136  1 O  pz                17     -0.808816  2 H  s          
    22     -0.808816  3 H  s                 10     -0.586864  1 O  dxx        
     5     -0.434937  1 O  pz                15     -0.350641  1 O  dzz        
    16     -0.322450  2 H  s                 21     -0.322450  3 H  s          
 
 Vector   14  Occ=0.000000D+00  E= 1.796830D+00
              MO Center= -4.7D-17, -1.8D-16,  1.8D-01, r^2= 7.6D-01
   Bfn.  Coefficient  Atom+Function         Bfn.  Coefficient  Atom+Function  
  ----- ------------  ---------------      ----- ------------  ---------------
    11      1.181045  1 O  dxy               19      0.342597  2 H  py         
    24     -0.342597  3 H  py         
 
 Vector   15  Occ=0.000000D+00  E= 1.812538D+00
              MO Center= -8.6D-16,  1.6D-17,  5.3D-02, r^2= 8.1D-01
   Bfn.  Coefficient  Atom+Function         Bfn.  Coefficient  Atom+Function  
  ----- ------------  ---------------      ----- ------------  ---------------
    15     -0.793915  1 O  dzz                6      0.788856  1 O  s          
     9      0.441205  1 O  pz                13      0.278397  1 O  dyy        
     2     -0.272959  1 O  s                 20     -0.254518  2 H  pz         
    25     -0.254518  3 H  pz                10      0.248902  1 O  dxx        
    16     -0.217575  2 H  s                 21     -0.217575  3 H  s          
 

 center of mass
 --------------
 x =   0.00000000 y =   0.00000000 z =   0.02931789

 moments of inertia (a.u.)
 ------------------
           2.098117097590           0.000000000000           0.000000000000
           0.000000000000           6.196445222521           0.000000000000
           0.000000000000           0.000000000000           4.098328124931
 
  Mulliken analysis of the total density
  --------------------------------------

    Atom       Charge   Shell Charges
 -----------   ------   -------------------------------------------------------
    1 O    8     8.78   2.00  0.88  2.91  0.90  2.06  0.03
    2 H    1     0.61   0.47  0.10  0.04
    3 H    1     0.61   0.47  0.10  0.04
 
       Multipole analysis of the density wrt the origin
       ------------------------------------------------
 
     L   x y z        total         open         nuclear
     -   - - -        -----         ----         -------
     0   0 0 0     -0.000000      0.000000     10.000000
 
     1   1 0 0      0.000000      0.000000      0.000000
     1   0 1 0      0.000000      0.000000      0.000000
     1   0 0 1      1.018221      0.000000      1.246815
 
     2   2 0 0     -2.857269      0.000000      4.066508
     2   1 1 0     -0.000000      0.000000      0.000000
     2   1 0 1      0.000000      0.000000      0.000000
     2   0 2 0     -5.337293      0.000000      0.000000
     2   0 1 1      0.000000      0.000000      0.000000
     2   0 0 2     -4.146047      0.000000      2.030795
 

 Task  times  cpu:        2.3s     wall:        2.3s
 
 
                                NWChem Input Module
                                -------------------
 
 
 Summary of allocated global arrays
-----------------------------------
  No active global arrays


MA_summarize_allocated_blocks: starting scan ...
MA_summarize_allocated_blocks: scan completed: 0 heap blocks, 0 stack blocks
MA usage statistics:

	allocation statistics:
					      heap	     stack
					      ----	     -----
	current number of blocks	         0	         0
	maximum number of blocks	        20	        26
	current total bytes		         0	         0
	maximum total bytes		     80136	  22509640
	maximum total K-bytes		        81	     22510
	maximum total M-bytes		         1	        23
 
 
                                     CITATION
                                     --------
                Please cite the following reference when publishing
                           results obtained with NWChem:
 
          E. Apra, E. J. Bylaska, W. A. de Jong, N. Govind, K. Kowalski,
       T. P. Straatsma, M. Valiev, H. J. J. van Dam, Y. Alexeev, J. Anchell,
       V. Anisimov, F. W. Aquino, R. Atta-Fynn, J. Autschbach, N. P. Bauman,
     J. C. Becca, D. E. Bernholdt, K. Bhaskaran-Nair, S. Bogatko, P. Borowski,
         J. Boschen, J. Brabec, A. Bruner, E. Cauet, Y. Chen, G. N. Chuev,
      C. J. Cramer, J. Daily, M. J. O. Deegan, T. H. Dunning Jr., M. Dupuis,
   K. G. Dyall, G. I. Fann, S. A. Fischer, A. Fonari, H. Fruchtl, L. Gagliardi,
      J. Garza, N. Gawande, S. Ghosh, K. Glaesemann, A. W. Gotz, J. Hammond,
       V. Helms, E. D. Hermes, K. Hirao, S. Hirata, M. Jacquelin, L. Jensen,
   B. G. Johnson, H. Jonsson, R. A. Kendall, M. Klemm, R. Kobayashi, V. Konkov,
      S. Krishnamoorthy, M. Krishnan, Z. Lin, R. D. Lins, R. J. Littlefield,
      A. J. Logsdail, K. Lopata, W. Ma, A. V. Marenich, J. Martin del Campo,
   D. Mejia-Rodriguez, J. E. Moore, J. M. Mullin, T. Nakajima, D. R. Nascimento,
    J. A. Nichols, P. J. Nichols, J. Nieplocha, A. Otero-de-la-Roza, B. Palmer,
    A. Panyala, T. Pirojsirikul, B. Peng, R. Peverati, J. Pittner, L. Pollack,
   R. M. Richard, P. Sadayappan, G. C. Schatz, W. A. Shelton, D. W. Silverstein,
   D. M. A. Smith, T. A. Soares, D. Song, M. Swart, H. L. Taylor, G. S. Thomas,
            V. Tipparaju, D. G. Truhlar, K. Tsemekhman, T. Van Voorhis,
      A. Vazquez-Mayagoitia, P. Verma, O. Villa, A. Vishnu, K. D. Vogiatzis,
        D. Wang, J. H. Weare, M. J. Williamson, T. L. Windus, K. Wolinski,
        A. T. Wong, Q. Wu, C. Yang, Q. Yu, M. Zacharias, Z. Zhang, Y. Zhao,
                                and R. J. Harrison
                        "NWChem: Past, present, and future
                         J. Chem. Phys. 152, 184102 (2020)
                               doi:10.1063/5.0004997
 
                                      AUTHORS
                                      -------
  E. Apra, E. J. Bylaska, N. Govind, K. Kowalski, M. Valiev, D. Mejia-Rodriguez,
       A. Kunitsa, N. P. Bauman, A. Panyala, W. A. de Jong, T. P. Straatsma,
        H. J. J. van Dam, D. Wang, T. L. Windus, J. Hammond, J. Autschbach,
    K. Bhaskaran-Nair, J. Brabec, K. Lopata, S. A. Fischer, S. Krishnamoorthy,
     M. Jacquelin, W. Ma, M. Klemm, O. Villa, Y. Chen, V. Anisimov, F. Aquino,
    S. Hirata, M. T. Hackler, Eric Hermes, L. Jensen, J. E. Moore, J. C. Becca,
      V. Konjkov, T. Risthaus, M. Malagoli, A. Marenich, A. Otero-de-la-Roza,
        J. Mullin, P. Nichols, R. Peverati, J. Pittner, Y. Zhao, P.-D. Fan,
        A. Fonari, M. J. Williamson, R. J. Harrison, J. R. Rehr, M. Dupuis,
     D. Silverstein, D. M. A. Smith, J. Nieplocha, V. Tipparaju, M. Krishnan,
     B. E. Van Kuiken, A. Vazquez-Mayagoitia, M. Swart, Q. Wu, T. Van Voorhis,
     A. A. Auer, M. Nooijen, L. D. Crosby, E. Brown, G. Cisneros, G. I. Fann,
   H. Fruchtl, J. Garza, K. Hirao, R. A. Kendall, J. A. Nichols, K. Tsemekhman,
    K. Wolinski, J. Anchell, D. E. Bernholdt, P. Borowski, T. Clark, D. Clerc,
   H. Dachsel, M. J. O. Deegan, K. Dyall, D. Elwood, E. Glendening, M. Gutowski,
   A. C. Hess, J. Jaffe, B. G. Johnson, J. Ju, R. Kobayashi, R. Kutteh, Z. Lin,
   R. Littlefield, X. Long, B. Meng, T. Nakajima, S. Niu, L. Pollack, M. Rosing,
   K. Glaesemann, G. Sandrone, M. Stave, H. Taylor, G. Thomas, J. H. van Lenthe,
                               A. T. Wong, Z. Zhang.

 Total times  cpu:        3.0s     wall:        4.4s
